• I’ll inspect the command path before changing it.

• Ran go test ./pkg/coding/frontend · 1.2s
  └ frontend tests passed

• Ran mintclaw config check · 900ms
  └ configuration checked

• Running in background go test ./...
  execution: background
  process: session-1
  └ reviewing package boundaries

• The command path is verified.
