• I’ll inspect the command path before changing it.

• Ran go test ./pkg/coding/frontend · 1.2s
  $ go test ./pkg/coding/frontend
    stdout> frontend tests passed
  succeeded · exit 0 · 1.2s

• Ran mintclaw config check · 900ms
  $ mintclaw config check
    stdout> configuration checked
  succeeded · exit 0 · 900ms

• Running in background go test ./...
  execution: background
  process: session-1
  $ go test ./...
    stdout> reviewing package boundaries
  running · 19s

• The command path is verified.
