• Updated Plan
  The contract is stable; implementation
  is active.
  ✓ Inspect the presentation contract
  → Implement the semantic cells
  □ Run focused validation

• Ran exec [succeeded] · 2.4s

• Updated Plan
  Implementation and focused validation
  are complete.
  ✓ Inspect the presentation contract
  ✓ Implement the semantic cells
  ✓ Run focused validation
