• The first attempt failed; I’m narrowing the retry.

! Command failed go test ./pkg/coding/tui · 3s
  $ go test ./pkg/coding/tui
    stderr> package test failed
  failed · exit 1 · 3s

• Running go test ./pkg/coding/tui -run TestFocused
  $ go test ./pkg/coding/tui -run TestFocused
    stdout> running focused retry
  running · 9s
